// Jest Snapshot v1, https://goo.gl/fbAQLP

exports[`it renders set value and triggers onChange 1`] = `
<FormField__FieldWrapper>
  <input
    className=""
    onChange={[MockFunction]}
    type="text"
    value="test1"
  />
</FormField__FieldWrapper>
`;

exports[`it renders with a label, finePrint, placeholder, and error 1`] = `
<FormField__FieldWrapper>
  <FormField__FieldLabel>
    Test Label
  </FormField__FieldLabel>
  <input
    className="with_label"
    onChange={
      [MockFunction] {
        "calls": Array [
          Array [
            Object {
              "target": Object {
                "value": "test",
              },
            },
          ],
        ],
      }
    }
    placeholder="Placeholdn'"
    type="text"
    value="test2"
  />
  <FormField__FieldError>
    TEST ERROR
  </FormField__FieldError>
  <Typography__Paragraph
    fine={true}
  >
    Fine Print!
  </Typography__Paragraph>
</FormField__FieldWrapper>
`;
