// Jest Snapshot v1, https://goo.gl/fbAQLP

exports[`Tabs tests Should match the snapshot 1`] = `
<div>
  <div
    className="toggle__wrapper"
  />
  <div
    className="tab__panes"
  />
</div>
`;
