// Jest Snapshot v1, https://goo.gl/fbAQLP

exports[`it renders 1`] = `
<div
  className="Avatar-dlsm6o-0 avatar__wrapper dbgUzS"
/>
`;
