// Jest Snapshot v1, https://goo.gl/fbAQLP

exports[`it renders 1`] = `
<div
  className="switch switch"
>
  <button
    onClick={[Function]}
  >
    <span>
      Disabled
    </span>
  </button>
</div>
`;
