// Jest Snapshot v1, https://goo.gl/fbAQLP

exports[`ButtonGrid renders 1`] = `
<div
  className="ButtonGrid-s120cl1n-0 btn_grid bCkfqO"
/>
`;

exports[`ButtonGrid renders a GridButton 1`] = `
<div
  className="ButtonGrid-s120cl1n-0 btn_grid bCkfqO"
>
  <a
    className="btn  "
  >
    <span />
  </a>
</div>
`;

exports[`GridButton renders 1`] = `
<a
  className="btn  "
>
  <span />
</a>
`;
