// Jest Snapshot v1, https://goo.gl/fbAQLP

exports[`Stars tests Should match the snapshot 1`] = `
<div
  className="stars"
  onMouseLeave={[Function]}
>
  <div
    className="star "
    key="star-1"
    onClick={[Function]}
    onMouseOver={[Function]}
  />
  <div
    className="star "
    key="star-2"
    onClick={[Function]}
    onMouseOver={[Function]}
  />
  <div
    className="star "
    key="star-3"
    onClick={[Function]}
    onMouseOver={[Function]}
  />
  <div
    className="star "
    key="star-4"
    onClick={[Function]}
    onMouseOver={[Function]}
  />
  <div
    className="star "
    key="star-5"
    onClick={[Function]}
    onMouseOver={[Function]}
  />
</div>
`;
