// Jest Snapshot v1, https://goo.gl/fbAQLP

exports[`it renders 1`] = `
<p
  className="bot__text "
>
  Bottext children
</p>
`;
