// Jest Snapshot v1, https://goo.gl/fbAQLP

exports[`it renders 1`] = `
<i
  className="Icon__I-s1r0bu8t-0 Icon icon  fQySdo"
/>
`;
