// Jest Snapshot v1, https://goo.gl/fbAQLP

exports[`it renders 1`] = `
<div
  className="SubmitWrapper-s5rqw4n-0 submit__wrapper jWcvtf"
/>
`;
