// Jest Snapshot v1, https://goo.gl/fbAQLP

exports[`it renders 1`] = `
.c0 {
  font-family: 'Material Icons';
  font-weight: normal;
  font-style: normal;
  font-size: 1em;
  display: inline-block;
  height: 1em;
  line-height: 1;
  text-transform: none;
  -webkit-letter-spacing: normal;
  -moz-letter-spacing: normal;
  -ms-letter-spacing: normal;
  letter-spacing: normal;
  word-wrap: normal;
  white-space: nowrap;
  width: 1em;
  direction: ltr;
  -webkit-font-smoothing: antialiased;
  text-rendering: optimizeLegibility;
  -moz-osx-font-smoothing: grayscale;
  font-feature-settings: 'liga';
}

<i
  className="Icon icon  c0"
/>
`;
