// Jest Snapshot v1, https://goo.gl/fbAQLP

exports[`List tests Should match the snapshot 1`] = `
<div
  className="List item__list "
/>
`;
