// Jest Snapshot v1, https://goo.gl/fbAQLP

exports[`ControlButton tests Should match the snapshot 1`] = `
<Button
  alt={false}
  busy={false}
  className="ControlButton control__button "
  hideLoader={true}
  primary={false}
  remove={false}
  secondary={false}
  tabIndex={0}
  tag="button"
  toggle={false}
  type="button"
>
  <span />
</Button>
`;
