// Jest Snapshot v1, https://goo.gl/fbAQLP

exports[`IconButton tests Should match the snapshot 1`] = `
<Button
  alt={false}
  busy={false}
  className="IconButton icon__button "
  loaderDark={true}
  loaderStyle={
    Object {
      "fontSize": ".5em",
    }
  }
  primary={false}
  remove={false}
  secondary={false}
  tag="button"
  toggle={false}
  type="button"
>
  <Icon />
</Button>
`;
