// Jest Snapshot v1, https://goo.gl/fbAQLP

exports[`LinkPile tests Should match the snapshot 1`] = `
<div
  className="link__pile "
/>
`;
