// Jest Snapshot v1, https://goo.gl/fbAQLP

exports[`Select tests Should match the snapshot 1`] = `
<Input
  className="custom_dropdown  "
  multiline={false}
  tag="select"
/>
`;
