// Jest Snapshot v1, https://goo.gl/fbAQLP

exports[`Switch tests Should match the snapshot 1`] = `
<div
  className="switch switch"
>
  <button
    onClick={[Function]}
    type="button"
  >
    <span>
      Disabled
    </span>
  </button>
</div>
`;
