// Jest Snapshot v1, https://goo.gl/fbAQLP

exports[`it renders 1`] = `
.c1 {
  font-family: 'Material Icons';
  font-weight: normal;
  font-style: normal;
  font-size: 1em;
  display: inline-block;
  height: 1em;
  line-height: 1;
  text-transform: none;
  -webkit-letter-spacing: normal;
  -moz-letter-spacing: normal;
  -ms-letter-spacing: normal;
  letter-spacing: normal;
  word-wrap: normal;
  white-space: nowrap;
  width: 1em;
  direction: ltr;
  -webkit-font-smoothing: antialiased;
  text-rendering: optimizeLegibility;
  -moz-osx-font-smoothing: grayscale;
  font-feature-settings: 'liga';
}

.c0 {
  -webkit-align-items: center;
  -webkit-box-align: center;
  -ms-flex-align: center;
  align-items: center;
  background: none;
  color: #00aac7;
  display: -webkit-box;
  display: -webkit-flex;
  display: -ms-flexbox;
  display: flex;
  font-size: 2em;
  margin: 0;
  padding: 0;
  width: auto;
}

.c0:hover {
  background: none;
}

<button
  className="IconButton icon-button  c0"
  onClick={undefined}
>
  <i
    className="Icon icon  c1"
  />
</button>
`;
