// Jest Snapshot v1, https://goo.gl/fbAQLP

exports[`StatsSlider tests Should match the snapshot 1`] = `
<div
  className="stat__card__slider "
>
  <div
    className="stat__card__slider__scroll"
  />
</div>
`;
