// Jest Snapshot v1, https://goo.gl/fbAQLP

exports[`it renders 1`] = `
.c0 {
  background-image: url(test.jpg);
}

<div
  className="avatar__wrapper c0"
/>
`;
