// Jest Snapshot v1, https://goo.gl/fbAQLP

exports[`Container Component it renders 1`] = `
<div
  className="Container-md3jvi-0 container cqhPkv"
>
  Container children
</div>
`;
