// Jest Snapshot v1, https://goo.gl/fbAQLP

exports[`SelectField tests Should match the snapshot 1`] = `
<Field>
  <select
    className="SelectField custom_dropdown"
  />
</Field>
`;
