// Jest Snapshot v1, https://goo.gl/fbAQLP

exports[`Container Component it renders 1`] = `
<div
  className="container "
>
  Container children
</div>
`;
