// Jest Snapshot v1, https://goo.gl/fbAQLP

exports[`InputField tests Should match the snapshot 1`] = `
<Field>
  <input />
</Field>
`;
