// Jest Snapshot v1, https://goo.gl/fbAQLP

exports[`it renders 1`] = `
.c0 {
  word-wrap: break-word;
  overflow-wrap: break-word;
  word-break: break-word;
}

<div
  className="bot__text c0"
>
  Bottext children
</div>
`;
