// Jest Snapshot v1, https://goo.gl/fbAQLP

exports[`it renders 1`] = `
<div
  className="input__wrapper"
>
  <input
    onChange={[Function]}
  />
</div>
`;
