// Jest Snapshot v1, https://goo.gl/fbAQLP

exports[`it renders set value and triggers onChange 1`] = `
<div
  className="InputField input__wrapper"
>
  <input
    className=""
    onChange={[MockFunction]}
    type="text"
    value="test1"
  />
</div>
`;

exports[`it renders with a label, finePrint, placeholder, and error 1`] = `
<div
  className="InputField input__wrapper"
>
  <span
    className="FieldLabel input__mini__label js-show-label"
  >
    Test Label
  </span>
  <input
    className="with_label"
    onChange={
      [MockFunction] {
        "calls": Array [
          Array [
            Object {
              "target": Object {
                "value": "test",
              },
            },
          ],
        ],
      }
    }
    placeholder="Placeholdn'"
    type="text"
    value="test2"
  />
  <span
    className="FieldError input__error error-is-visible"
  >
    TEST ERROR
  </span>
  <Paragraph
    fine={true}
  >
    Fine Print!
  </Paragraph>
</div>
`;
