// Jest Snapshot v1, https://goo.gl/fbAQLP

exports[`it renders 1`] = `
<div
  className="LinkPile-abktjg-0 link__pile fwfXpR"
/>
`;
