// Jest Snapshot v1, https://goo.gl/fbAQLP

exports[`Icon tests Should match the snapshot 1`] = `
<i
  className="Icon icon "
/>
`;
