// Jest Snapshot v1, https://goo.gl/fbAQLP

exports[`it renders 1`] = `
.c1 {
  font-family: 'Material Icons';
  font-weight: normal;
  font-style: normal;
  font-size: 1em;
  display: inline-block;
  height: 1em;
  line-height: 1;
  opacity: 0;
  text-transform: none;
  -webkit-letter-spacing: normal;
  -moz-letter-spacing: normal;
  -ms-letter-spacing: normal;
  letter-spacing: normal;
  word-wrap: normal;
  white-space: nowrap;
  width: 1em;
  direction: ltr;
  -webkit-font-smoothing: antialiased;
  text-rendering: optimizeLegibility;
  -moz-osx-font-smoothing: grayscale;
  font-feature-settings: 'liga';
}

.wf-active .c1 {
  opacity: 1;
}

.c0 {
  -webkit-align-items: center;
  -webkit-box-align: center;
  -ms-flex-align: center;
  align-items: center;
  background: none;
  color: #00aac7;
  display: -webkit-box;
  display: -webkit-flex;
  display: -ms-flexbox;
  display: flex;
  font-size: 2em;
  margin: 0;
  padding: 0;
  -webkit-text-decoration: none;
  text-decoration: none;
  width: auto;
}

.c0:hover {
  background: none;
}

<ul
  className="undefined pager"
  page={0}
  stepAmount={1}
>
  <li
    className="first disabled"
    smallArrows={true}
  >
    <button
      className="btn  IconButton icon-button  c0 "
      disabled={undefined}
      href={undefined}
      onClick={[Function]}
    >
      <span
        className="wrapper"
      >
        <i
          className="Icon icon  c1"
          fontSize={undefined}
        >
          first_page
        </i>
      </span>
    </button>
  </li>
  <li
    className="back disabled"
    hide={undefined}
  >
    <button
      className="btn  IconButton icon-button  c0 "
      disabled={undefined}
      href={undefined}
      onClick={[Function]}
    >
      <span
        className="wrapper"
      >
        <i
          className="Icon icon  c1"
          fontSize={undefined}
        >
          chevron_left
        </i>
      </span>
    </button>
  </li>
  <li
    className="current "
  >
    1 of 1
  </li>
  <li
    className="next disabled"
    smallArrows={true}
  >
    <button
      className="btn  IconButton icon-button  c0 "
      disabled={undefined}
      href={undefined}
      onClick={[Function]}
    >
      <span
        className="wrapper"
      >
        <i
          className="Icon icon  c1"
          fontSize={undefined}
        >
          chevron_right
        </i>
      </span>
    </button>
  </li>
  <li
    className="last disabled"
    smallArrows={true}
  >
    <button
      className="btn  IconButton icon-button  c0 "
      disabled={undefined}
      href={undefined}
      onClick={[Function]}
    >
      <span
        className="wrapper"
      >
        <i
          className="Icon icon  c1"
          fontSize={undefined}
        >
          last_page
        </i>
      </span>
    </button>
  </li>
</ul>
`;
